// Jest Snapshot v1, https://goo.gl/fbAQLP

exports[`prepareServicesViewData Checks correct result 1`] = `
[
  {
    "itemsMap": {
      "CustomInput": {
        "description": null,
        "enumValues": null,
        "fields": null,
        "inputFields": [
          {
            "defaultValue": null,
            "deprecationReason": null,
            "description": null,
            "isDeprecated": false,
            "name": "names",
            "serviceName": "testService",
            "type": {
              "kind": "NON_NULL",
              "name": null,
              "ofType": {
                "kind": "LIST",
                "name": null,
                "ofType": {
                  "kind": "SCALAR",
                  "name": "String",
                  "ofType": null,
                },
              },
            },
            "typeString": "[String]!",
          },
        ],
        "interfaces": null,
        "itemsMap": {
          "names": {
            "defaultValue": null,
            "deprecationReason": null,
            "description": null,
            "isDeprecated": false,
            "name": "names",
            "serviceName": "testService",
            "type": {
              "kind": "NON_NULL",
              "name": null,
              "ofType": {
                "kind": "LIST",
                "name": null,
                "ofType": {
                  "kind": "SCALAR",
                  "name": "String",
                  "ofType": null,
                },
              },
            },
            "typeString": "[String]!",
          },
        },
        "kind": "INPUT_OBJECT",
        "name": "CustomInput",
        "serviceName": "testService",
        "possibleTypes": null,
        "specifiedByURL": null,
      },
      "CustomType": {
        "description": null,
        "enumValues": null,
        "fields": [
          {
            "args": [],
            "deprecationReason": null,
            "description": null,
            "isDeprecated": false,
            "name": "id",
            "serviceName": "testService",
            "type": {
              "kind": "SCALAR",
              "name": "ID",
              "ofType": null,
            },
            "typeString": "ID",
          },
          {
            "args": [],
            "deprecationReason": null,
            "description": null,
            "isDeprecated": false,
            "name": "name",
            "serviceName": "testService",
            "type": {
              "kind": "SCALAR",
              "name": "String",
              "ofType": null,
            },
            "typeString": "String",
          },
        ],
        "inputFields": null,
        "interfaces": [],
        "itemsMap": {
          "id": {
            "args": [],
            "deprecationReason": null,
            "description": null,
            "isDeprecated": false,
            "name": "id",
            "serviceName": "testService",
            "type": {
              "kind": "SCALAR",
              "name": "ID",
              "ofType": null,
            },
            "typeString": "ID",
          },
          "name": {
            "args": [],
            "deprecationReason": null,
            "description": null,
            "isDeprecated": false,
            "name": "name",
            "serviceName": "testService",
            "type": {
              "kind": "SCALAR",
              "name": "String",
              "ofType": null,
            },
            "typeString": "String",
          },
        },
        "kind": "OBJECT",
        "name": "CustomType",
        "serviceName": "testService",
        "possibleTypes": null,
        "specifiedByURL": null,
      },
      "Query": {
        "description": null,
        "enumValues": null,
        "fields": [
          {
            "args": [
              {
                "defaultValue": null,
                "deprecationReason": null,
                "description": null,
                "isDeprecated": false,
                "name": "customInput",
                "type": {
                  "kind": "INPUT_OBJECT",
                  "name": "CustomInput",
                  "ofType": null,
                },
              },
            ],
            "deprecationReason": null,
            "description": null,
            "isDeprecated": false,
            "name": "test",
            "serviceName": "testService",
            "type": {
              "kind": "OBJECT",
              "name": "CustomType",
              "ofType": null,
            },
            "typeString": "CustomType",
          },
        ],
        "inputFields": null,
        "interfaces": [],
        "itemsMap": {
          "test": {
            "args": [
              {
                "defaultValue": null,
                "deprecationReason": null,
                "description": null,
                "isDeprecated": false,
                "name": "customInput",
                "type": {
                  "kind": "INPUT_OBJECT",
                  "name": "CustomInput",
                  "ofType": null,
                },
              },
            ],
            "deprecationReason": null,
            "description": null,
            "isDeprecated": false,
            "name": "test",
            "serviceName": "testService",
            "type": {
              "kind": "OBJECT",
              "name": "CustomType",
              "ofType": null,
            },
            "typeString": "CustomType",
          },
        },
        "kind": "OBJECT",
        "name": "Query",
        "serviceName": "testService",
        "possibleTypes": null,
        "specifiedByURL": null,
      },
      "TestEnum": {
        "description": null,
        "enumValues": [
          {
            "deprecationReason": null,
            "description": null,
            "isDeprecated": false,
            "name": "one",
          },
          {
            "deprecationReason": null,
            "description": null,
            "isDeprecated": false,
            "name": "two",
          },
          {
            "deprecationReason": null,
            "description": null,
            "isDeprecated": false,
            "name": "three",
          },
        ],
        "fields": null,
        "inputFields": null,
        "interfaces": null,
        "itemsMap": {},
        "kind": "ENUM",
        "name": "TestEnum",
        "serviceName": "testService",
        "possibleTypes": null,
        "specifiedByURL": null,
      },
    },
    "serviceName": "testService",
  },
]
`;

exports[`prepareServicesViewData Checks correct result 1`] = `
[
  {
    "itemsMap": {
      "CustomInput": {
        "description": null,
        "enumValues": null,
        "fields": null,
        "inputFields": [
          {
            "defaultValue": null,
            "deprecationReason": null,
            "description": null,
            "isDeprecated": false,
            "name": "names",
            "serviceName": "testService",
            "type": {
              "kind": "NON_NULL",
              "name": null,
              "ofType": {
                "kind": "LIST",
                "name": null,
                "ofType": {
                  "kind": "SCALAR",
                  "name": "String",
                  "ofType": null,
                },
              },
            },
            "typeString": "[String]!",
          },
        ],
        "interfaces": null,
        "itemsMap": {
          "names": {
            "defaultValue": null,
            "deprecationReason": null,
            "description": null,
            "isDeprecated": false,
            "name": "names",
            "serviceName": "testService",
            "type": {
              "kind": "NON_NULL",
              "name": null,
              "ofType": {
                "kind": "LIST",
                "name": null,
                "ofType": {
                  "kind": "SCALAR",
                  "name": "String",
                  "ofType": null,
                },
              },
            },
            "typeString": "[String]!",
          },
        },
        "kind": "INPUT_OBJECT",
        "name": "CustomInput",
        "possibleTypes": null,
        "serviceName": "testService",
        "specifiedByURL": null,
      },
      "CustomType": {
        "description": null,
        "enumValues": null,
        "fields": [
          {
            "args": [],
            "deprecationReason": null,
            "description": null,
            "isDeprecated": false,
            "name": "id",
            "serviceName": "testService",
            "type": {
              "kind": "SCALAR",
              "name": "ID",
              "ofType": null,
            },
            "typeString": "ID",
          },
          {
            "args": [],
            "deprecationReason": null,
            "description": null,
            "isDeprecated": false,
            "name": "name",
            "serviceName": "testService",
            "type": {
              "kind": "SCALAR",
              "name": "String",
              "ofType": null,
            },
            "typeString": "String",
          },
        ],
        "inputFields": null,
        "interfaces": [],
        "itemsMap": {
          "id": {
            "args": [],
            "deprecationReason": null,
            "description": null,
            "isDeprecated": false,
            "name": "id",
            "serviceName": "testService",
            "type": {
              "kind": "SCALAR",
              "name": "ID",
              "ofType": null,
            },
            "typeString": "ID",
          },
          "name": {
            "args": [],
            "deprecationReason": null,
            "description": null,
            "isDeprecated": false,
            "name": "name",
            "serviceName": "testService",
            "type": {
              "kind": "SCALAR",
              "name": "String",
              "ofType": null,
            },
            "typeString": "String",
          },
        },
        "kind": "OBJECT",
        "name": "CustomType",
        "possibleTypes": null,
        "serviceName": "testService",
        "specifiedByURL": null,
      },
      "Query": {
        "description": null,
        "enumValues": null,
        "fields": [
          {
            "args": [
              {
                "defaultValue": null,
                "deprecationReason": null,
                "description": null,
                "isDeprecated": false,
                "name": "customInput",
                "type": {
                  "kind": "INPUT_OBJECT",
                  "name": "CustomInput",
                  "ofType": null,
                },
              },
            ],
            "deprecationReason": null,
            "description": null,
            "isDeprecated": false,
            "name": "test",
            "serviceName": "testService",
            "type": {
              "kind": "OBJECT",
              "name": "CustomType",
              "ofType": null,
            },
            "typeString": "CustomType",
          },
        ],
        "inputFields": null,
        "interfaces": [],
        "itemsMap": {
          "test": {
            "args": [
              {
                "defaultValue": null,
                "deprecationReason": null,
                "description": null,
                "isDeprecated": false,
                "name": "customInput",
                "type": {
                  "kind": "INPUT_OBJECT",
                  "name": "CustomInput",
                  "ofType": null,
                },
              },
            ],
            "deprecationReason": null,
            "description": null,
            "isDeprecated": false,
            "name": "test",
            "serviceName": "testService",
            "type": {
              "kind": "OBJECT",
              "name": "CustomType",
              "ofType": null,
            },
            "typeString": "CustomType",
          },
        },
        "kind": "OBJECT",
        "name": "Query",
        "possibleTypes": null,
        "serviceName": "testService",
        "specifiedByURL": null,
      },
      "TestEnum": {
        "description": null,
        "enumValues": [
          {
            "deprecationReason": null,
            "description": null,
            "isDeprecated": false,
            "name": "one",
          },
          {
            "deprecationReason": null,
            "description": null,
            "isDeprecated": false,
            "name": "two",
          },
          {
            "deprecationReason": null,
            "description": null,
            "isDeprecated": false,
            "name": "three",
          },
        ],
        "fields": null,
        "inputFields": null,
        "interfaces": null,
        "itemsMap": {},
        "kind": "ENUM",
        "name": "TestEnum",
        "possibleTypes": null,
        "serviceName": "testService",
        "specifiedByURL": null,
      },
    },
    "serviceName": "testService",
  },
]
`;
