// Jest Snapshot v1, https://goo.gl/fbAQLP

exports[`prepareSchemaViewData Returns correct result 1`] = `
[
  {
    "_fields": {
      "_entities": {
        "args": [],
        "astNode": {
          "arguments": [],
          "description": undefined,
          "directives": [],
          "kind": "FieldDefinition",
          "loc": {
            "end": 98,
            "start": 81,
          },
          "name": {
            "kind": "Name",
            "loc": {
              "end": 90,
              "start": 81,
            },
            "value": "_entities",
          },
          "type": {
            "kind": "NamedType",
            "loc": {
              "end": 98,
              "start": 92,
            },
            "name": {
              "kind": "Name",
              "loc": {
                "end": 98,
                "start": 92,
              },
              "value": "String",
            },
          },
        },
        "deprecationReason": undefined,
        "description": undefined,
        "extensions": {},
        "name": "_entities",
        "resolve": undefined,
        "subscribe": undefined,
        "type": "String",
      },
      "id": {
        "args": [],
        "astNode": {
          "arguments": [],
          "description": undefined,
          "directives": [],
          "kind": "FieldDefinition",
          "loc": {
            "end": 38,
            "start": 32,
          },
          "name": {
            "kind": "Name",
            "loc": {
              "end": 34,
              "start": 32,
            },
            "value": "id",
          },
          "type": {
            "kind": "NamedType",
            "loc": {
              "end": 38,
              "start": 36,
            },
            "name": {
              "kind": "Name",
              "loc": {
                "end": 38,
                "start": 36,
              },
              "value": "ID",
            },
          },
        },
        "deprecationReason": undefined,
        "description": undefined,
        "extensions": {},
        "name": "id",
        "resolve": undefined,
        "subscribe": undefined,
        "type": "ID",
      },
      "service2Field": {
        "args": [],
        "astNode": {
          "arguments": [],
          "description": undefined,
          "directives": [],
          "kind": "FieldDefinition",
          "loc": {
            "end": 70,
            "start": 49,
          },
          "name": {
            "kind": "Name",
            "loc": {
              "end": 62,
              "start": 49,
            },
            "value": "service2Field",
          },
          "type": {
            "kind": "NamedType",
            "loc": {
              "end": 70,
              "start": 64,
            },
            "name": {
              "kind": "Name",
              "loc": {
                "end": 70,
                "start": 64,
              },
              "value": "String",
            },
          },
        },
        "deprecationReason": undefined,
        "description": undefined,
        "extensions": {},
        "name": "service2Field",
        "resolve": undefined,
        "subscribe": undefined,
        "type": "String",
      },
    },
    "_interfaces": [],
    "astNode": {
      "description": undefined,
      "directives": [],
      "fields": [
        {
          "arguments": [],
          "description": undefined,
          "directives": [],
          "kind": "FieldDefinition",
          "loc": {
            "end": 38,
            "start": 32,
          },
          "name": {
            "kind": "Name",
            "loc": {
              "end": 34,
              "start": 32,
            },
            "value": "id",
          },
          "type": {
            "kind": "NamedType",
            "loc": {
              "end": 38,
              "start": 36,
            },
            "name": {
              "kind": "Name",
              "loc": {
                "end": 38,
                "start": 36,
              },
              "value": "ID",
            },
          },
        },
        {
          "arguments": [],
          "description": undefined,
          "directives": [],
          "kind": "FieldDefinition",
          "loc": {
            "end": 70,
            "start": 49,
          },
          "name": {
            "kind": "Name",
            "loc": {
              "end": 62,
              "start": 49,
            },
            "value": "service2Field",
          },
          "type": {
            "kind": "NamedType",
            "loc": {
              "end": 70,
              "start": 64,
            },
            "name": {
              "kind": "Name",
              "loc": {
                "end": 70,
                "start": 64,
              },
              "value": "String",
            },
          },
        },
        {
          "arguments": [],
          "description": undefined,
          "directives": [],
          "kind": "FieldDefinition",
          "loc": {
            "end": 98,
            "start": 81,
          },
          "name": {
            "kind": "Name",
            "loc": {
              "end": 90,
              "start": 81,
            },
            "value": "_entities",
          },
          "type": {
            "kind": "NamedType",
            "loc": {
              "end": 98,
              "start": 92,
            },
            "name": {
              "kind": "Name",
              "loc": {
                "end": 98,
                "start": 92,
              },
              "value": "String",
            },
          },
        },
      ],
      "interfaces": [],
      "kind": "ObjectTypeDefinition",
      "loc": {
        "end": 108,
        "start": 10,
      },
      "name": {
        "kind": "Name",
        "loc": {
          "end": 19,
          "start": 15,
        },
        "value": "User",
      },
    },
    "description": undefined,
    "extensionASTNodes": [],
    "extensions": {},
    "fields": [
      {
        "args": [],
        "astNode": {
          "arguments": [],
          "description": undefined,
          "directives": [],
          "kind": "FieldDefinition",
          "loc": {
            "end": 38,
            "start": 32,
          },
          "name": {
            "kind": "Name",
            "loc": {
              "end": 34,
              "start": 32,
            },
            "value": "id",
          },
          "type": {
            "kind": "NamedType",
            "loc": {
              "end": 38,
              "start": 36,
            },
            "name": {
              "kind": "Name",
              "loc": {
                "end": 38,
                "start": 36,
              },
              "value": "ID",
            },
          },
        },
        "deprecationReason": undefined,
        "description": undefined,
        "extensions": {},
        "fieldsFromServices": [
          {
            "isExternal": false,
            "serviceName": "service1",
          },
          {
            "isExternal": true,
            "serviceName": "service2",
          },
        ],
        "name": "id",
        "ownerServices": [
          "service1",
        ],
        "referencedBy": [
          "service2",
        ],
        "resolve": undefined,
        "subscribe": undefined,
        "type": "ID",
      },
      {
        "args": [],
        "astNode": {
          "arguments": [],
          "description": undefined,
          "directives": [],
          "kind": "FieldDefinition",
          "loc": {
            "end": 70,
            "start": 49,
          },
          "name": {
            "kind": "Name",
            "loc": {
              "end": 62,
              "start": 49,
            },
            "value": "service2Field",
          },
          "type": {
            "kind": "NamedType",
            "loc": {
              "end": 70,
              "start": 64,
            },
            "name": {
              "kind": "Name",
              "loc": {
                "end": 70,
                "start": 64,
              },
              "value": "String",
            },
          },
        },
        "deprecationReason": undefined,
        "description": undefined,
        "extensions": {},
        "fieldsFromServices": [
          {
            "isExternal": false,
            "serviceName": "service2",
          },
        ],
        "name": "service2Field",
        "ownerServices": [
          "service2",
        ],
        "referencedBy": [],
        "resolve": undefined,
        "subscribe": undefined,
        "type": "String",
      },
      {
        "args": [],
        "astNode": {
          "arguments": [],
          "description": undefined,
          "directives": [],
          "kind": "FieldDefinition",
          "loc": {
            "end": 98,
            "start": 81,
          },
          "name": {
            "kind": "Name",
            "loc": {
              "end": 90,
              "start": 81,
            },
            "value": "_entities",
          },
          "type": {
            "kind": "NamedType",
            "loc": {
              "end": 98,
              "start": 92,
            },
            "name": {
              "kind": "Name",
              "loc": {
                "end": 98,
                "start": 92,
              },
              "value": "String",
            },
          },
        },
        "deprecationReason": undefined,
        "description": undefined,
        "extensions": {},
        "fieldsFromServices": [],
        "name": "_entities",
        "ownerServices": [],
        "referencedBy": [],
        "resolve": undefined,
        "subscribe": undefined,
        "type": "String",
      },
    ],
    "isTypeOf": undefined,
    "name": "User",
    "ownerServices": [
      "service1",
    ],
    "referencedBy": [
      {
        "key": [
          {
            "value": "id",
          },
        ],
        "serviceName": "service2",
      },
    ],
  },
  {
    "_fields": {
      "id": {
        "args": [],
        "astNode": {
          "arguments": [],
          "description": undefined,
          "directives": [],
          "kind": "FieldDefinition",
          "loc": {
            "end": 161,
            "start": 155,
          },
          "name": {
            "kind": "Name",
            "loc": {
              "end": 157,
              "start": 155,
            },
            "value": "id",
          },
          "type": {
            "kind": "NamedType",
            "loc": {
              "end": 161,
              "start": 159,
            },
            "name": {
              "kind": "Name",
              "loc": {
                "end": 161,
                "start": 159,
              },
              "value": "ID",
            },
          },
        },
        "deprecationReason": undefined,
        "description": undefined,
        "extensions": {},
        "name": "id",
        "resolve": undefined,
        "subscribe": undefined,
        "type": "ID",
      },
    },
    "_interfaces": [],
    "astNode": {
      "description": undefined,
      "directives": [],
      "fields": [
        {
          "arguments": [],
          "description": undefined,
          "directives": [],
          "kind": "FieldDefinition",
          "loc": {
            "end": 161,
            "start": 155,
          },
          "name": {
            "kind": "Name",
            "loc": {
              "end": 157,
              "start": 155,
            },
            "value": "id",
          },
          "type": {
            "kind": "NamedType",
            "loc": {
              "end": 161,
              "start": 159,
            },
            "name": {
              "kind": "Name",
              "loc": {
                "end": 161,
                "start": 159,
              },
              "value": "ID",
            },
          },
        },
      ],
      "interfaces": [],
      "kind": "ObjectTypeDefinition",
      "loc": {
        "end": 171,
        "start": 125,
      },
      "name": {
        "kind": "Name",
        "loc": {
          "end": 142,
          "start": 130,
        },
        "value": "Service2Type",
      },
    },
    "description": undefined,
    "extensionASTNodes": [],
    "extensions": {},
    "fields": [
      {
        "args": [],
        "astNode": {
          "arguments": [],
          "description": undefined,
          "directives": [],
          "kind": "FieldDefinition",
          "loc": {
            "end": 161,
            "start": 155,
          },
          "name": {
            "kind": "Name",
            "loc": {
              "end": 157,
              "start": 155,
            },
            "value": "id",
          },
          "type": {
            "kind": "NamedType",
            "loc": {
              "end": 161,
              "start": 159,
            },
            "name": {
              "kind": "Name",
              "loc": {
                "end": 161,
                "start": 159,
              },
              "value": "ID",
            },
          },
        },
        "deprecationReason": undefined,
        "description": undefined,
        "extensions": {},
        "fieldsFromServices": [
          {
            "name": "id",
            "serviceName": "service2",
          },
        ],
        "name": "id",
        "ownerServices": [
          "service2",
        ],
        "referencedBy": [],
        "resolve": undefined,
        "subscribe": undefined,
        "type": "ID",
      },
    ],
    "isTypeOf": undefined,
    "name": "Service2Type",
    "ownerServices": [
      "service2",
    ],
    "referencedBy": [],
  },
  {
    "_nameLookup": {
      "one": {
        "astNode": {
          "description": undefined,
          "directives": [],
          "kind": "EnumValueDefinition",
          "loc": {
            "end": 268,
            "start": 265,
          },
          "name": {
            "kind": "Name",
            "loc": {
              "end": 268,
              "start": 265,
            },
            "value": "one",
          },
        },
        "deprecationReason": undefined,
        "description": undefined,
        "extensions": {},
        "name": "one",
        "value": "one",
      },
      "three": {
        "astNode": {
          "description": undefined,
          "directives": [],
          "kind": "EnumValueDefinition",
          "loc": {
            "end": 298,
            "start": 293,
          },
          "name": {
            "kind": "Name",
            "loc": {
              "end": 298,
              "start": 293,
            },
            "value": "three",
          },
        },
        "deprecationReason": undefined,
        "description": undefined,
        "extensions": {},
        "name": "three",
        "value": "three",
      },
      "two": {
        "astNode": {
          "description": undefined,
          "directives": [],
          "kind": "EnumValueDefinition",
          "loc": {
            "end": 282,
            "start": 279,
          },
          "name": {
            "kind": "Name",
            "loc": {
              "end": 282,
              "start": 279,
            },
            "value": "two",
          },
        },
        "deprecationReason": undefined,
        "description": undefined,
        "extensions": {},
        "name": "two",
        "value": "two",
      },
    },
    "_valueLookup": Map {
      "one" => {
        "astNode": {
          "description": undefined,
          "directives": [],
          "kind": "EnumValueDefinition",
          "loc": {
            "end": 268,
            "start": 265,
          },
          "name": {
            "kind": "Name",
            "loc": {
              "end": 268,
              "start": 265,
            },
            "value": "one",
          },
        },
        "deprecationReason": undefined,
        "description": undefined,
        "extensions": {},
        "name": "one",
        "value": "one",
      },
      "two" => {
        "astNode": {
          "description": undefined,
          "directives": [],
          "kind": "EnumValueDefinition",
          "loc": {
            "end": 282,
            "start": 279,
          },
          "name": {
            "kind": "Name",
            "loc": {
              "end": 282,
              "start": 279,
            },
            "value": "two",
          },
        },
        "deprecationReason": undefined,
        "description": undefined,
        "extensions": {},
        "name": "two",
        "value": "two",
      },
      "three" => {
        "astNode": {
          "description": undefined,
          "directives": [],
          "kind": "EnumValueDefinition",
          "loc": {
            "end": 298,
            "start": 293,
          },
          "name": {
            "kind": "Name",
            "loc": {
              "end": 298,
              "start": 293,
            },
            "value": "three",
          },
        },
        "deprecationReason": undefined,
        "description": undefined,
        "extensions": {},
        "name": "three",
        "value": "three",
      },
    },
    "_values": [
      {
        "astNode": {
          "description": undefined,
          "directives": [],
          "kind": "EnumValueDefinition",
          "loc": {
            "end": 268,
            "start": 265,
          },
          "name": {
            "kind": "Name",
            "loc": {
              "end": 268,
              "start": 265,
            },
            "value": "one",
          },
        },
        "deprecationReason": undefined,
        "description": undefined,
        "extensions": {},
        "name": "one",
        "value": "one",
      },
      {
        "astNode": {
          "description": undefined,
          "directives": [],
          "kind": "EnumValueDefinition",
          "loc": {
            "end": 282,
            "start": 279,
          },
          "name": {
            "kind": "Name",
            "loc": {
              "end": 282,
              "start": 279,
            },
            "value": "two",
          },
        },
        "deprecationReason": undefined,
        "description": undefined,
        "extensions": {},
        "name": "two",
        "value": "two",
      },
      {
        "astNode": {
          "description": undefined,
          "directives": [],
          "kind": "EnumValueDefinition",
          "loc": {
            "end": 298,
            "start": 293,
          },
          "name": {
            "kind": "Name",
            "loc": {
              "end": 298,
              "start": 293,
            },
            "value": "three",
          },
        },
        "deprecationReason": undefined,
        "description": undefined,
        "extensions": {},
        "name": "three",
        "value": "three",
      },
    ],
    "astNode": {
      "description": undefined,
      "directives": [],
      "kind": "EnumTypeDefinition",
      "loc": {
        "end": 308,
        "start": 238,
      },
      "name": {
        "kind": "Name",
        "loc": {
          "end": 251,
          "start": 243,
        },
        "value": "TestEnum",
      },
      "values": [
        {
          "description": undefined,
          "directives": [],
          "kind": "EnumValueDefinition",
          "loc": {
            "end": 268,
            "start": 265,
          },
          "name": {
            "kind": "Name",
            "loc": {
              "end": 268,
              "start": 265,
            },
            "value": "one",
          },
        },
        {
          "description": undefined,
          "directives": [],
          "kind": "EnumValueDefinition",
          "loc": {
            "end": 282,
            "start": 279,
          },
          "name": {
            "kind": "Name",
            "loc": {
              "end": 282,
              "start": 279,
            },
            "value": "two",
          },
        },
        {
          "description": undefined,
          "directives": [],
          "kind": "EnumValueDefinition",
          "loc": {
            "end": 298,
            "start": 293,
          },
          "name": {
            "kind": "Name",
            "loc": {
              "end": 298,
              "start": 293,
            },
            "value": "three",
          },
        },
      ],
    },
    "description": undefined,
    "extensionASTNodes": [],
    "extensions": {},
    "fields": [],
    "name": "TestEnum",
    "ownerServices": [],
    "referencedBy": [],
  },
]
`;
